// Jest Snapshot v1, https://goo.gl/fbAQLP

exports[`Storyshots Button Default 1`] = `
<button
  className="btn"
  onClick={[Function]}
>
  Lorem Ipsum
</button>
`;

exports[`Storyshots Button Outline 1`] = `
<button
  className="btn outline"
  onClick={[Function]}
>
  Lorem Ipsum
</button>
`;

exports[`Storyshots Modal Default 1`] = `
<div
  className="modal-area"
>
  <div
    className="modal"
  >
    Lorem ipsum dolor sit amet, consectetur adipiscing elit. Nam congue enim ac nibh dictum, eu hendrerit enim malesuada. Vivamus et magna dignissim ipsum viverra pretium quis interdum dui. Proin eget rhoncus arcu, ut feugiat est. Integer eget nulla sed orci gravida aliquet. Sed a luctus metus, ac porta ligula. Lorem ipsum dolor sit amet, consectetur adipiscing elit. Pellentesque non vestibulum quam. Vivamus porta vulputate ultrices. Ut et congue purus. Sed id tortor et sem cursus aliquet sed eget nibh. Sed scelerisque quam eleifend dolor pellentesque, eget ultricies justo aliquam. Praesent eu tortor sed diam dignissim accumsan. Cras sit amet ex mi.
    <button
      className="modal-close"
      onClick={[Function]}
      type="button"
    >
      X
    </button>
  </div>
</div>
`;
